Microsoft Windows [Versión 6.1.7600]
Copyright (c) 2009 Microsoft Corporation. Reservados todos los derechos.

F:\DEV\CONSOLE\Console-2.00b148-Beta_32bit\Console2>cd F:\DEV\GITHUB\emedinaa\core

F:\DEV\GITHUB\emedinaa\core>git init
Initialized empty Git repository in F:/DEV/GITHUB/emedinaa/core/.git/

F:\DEV\GITHUB\emedinaa\core>git clone git@github.com:emedinaa/core.git
Cloning into core...
remote: Counting objects: 38, done.
remote: Compressing objects: 100% (26/26), done.
remote: Total 38 (delta 1), reused 38 (delta 1)
Receiving objects: 100% (38/38), 221.60 KiB, done.
Resolving deltas: 100% (1/1), done.

F:\DEV\GITHUB\emedinaa\core>cd ..

F:\DEV\GITHUB\emedinaa>cd F:\DEV\GITHUB\emedinaa\lab

F:\DEV\GITHUB\emedinaa\lab>git init
Initialized empty Git repository in F:/DEV/GITHUB/emedinaa/lab/.git/

F:\DEV\GITHUB\emedinaa\lab>git clone git@github.com:emedinaa/emedinaa.lab.git
Cloning into emedinaa.lab...
remote: Counting objects: 55, done.
remote: Compressing objects: 100% (42/42), done.

Receiving objects: 100% (55/55), 4.69 MiB | 4 KiB/s, done.
Resolving deltas: 100% (3/3), done.

F:\DEV\GITHUB\emedinaa\lab> cd F:\PERSONAL\CIBERTEC\LP3\SVN

F:\PERSONAL\CIBERTEC\LP3\SVN>git add .

F:\PERSONAL\CIBERTEC\LP3\SVN>git commit -m "admin home"
[master (root-commit) c06dfcd] admin home
 2 files changed, 3 insertions(+), 0 deletions(-)
 create mode 160000 Cibertec
 create mode 100644 desktop.ini

F:\PERSONAL\CIBERTEC\LP3\SVN>git push origin master
fatal: 'origin' does not appear to be a git repository
fatal: The remote end hung up unexpectedly

F:\PERSONAL\CIBERTEC\LP3\SVN>git push
fatal: No configured push destination.
Either specify the URL from the command-line or configure a remote repository using

    git remote add <name> <url>

and then push using the remote name

    git push <name>


F:\PERSONAL\CIBERTEC\LP3\SVN>git push master
fatal: 'master' does not appear to be a git repository
fatal: The remote end hung up unexpectedly

F:\PERSONAL\CIBERTEC\LP3\SVN>git push -u origin master
fatal: 'origin' does not appear to be a git repository
fatal: The remote end hung up unexpectedly

F:\PERSONAL\CIBERTEC\LP3\SVN>git remote add origin git@github.com:emedinaa/Cibertec.git

F:\PERSONAL\CIBERTEC\LP3\SVN>git push -u origin master
To git@github.com:emedinaa/Cibertec.git
 ! [rejected]        master -> master (non-fast-forward)
error: failed to push some refs to 'git@github.com:emedinaa/Cibertec.git'
To prevent you from losing history, non-fast-forward updates were rejected
Merge the remote changes (e.g. 'git pull') before pushing again.  See the
'Note about fast-forwards' section of 'git push --help' for details.

F:\PERSONAL\CIBERTEC\LP3\SVN>git pull
warning: no common commits
remote: Counting objects: 150, done.
remote: Compressing objects: 100% (82/82), done.
remote: Total 150 (delta 57), reused 150 (delta 57)
Receiving objects: 100% (150/150), 204.23 KiB | 30 KiB/s, done.
Resolving deltas: 100% (57/57), done.
From github.com:emedinaa/Cibertec
 * [new branch]      master     -> origin/master
You asked me to pull without telling me which branch you
want to merge with, and 'branch.master.merge' in
your configuration file does not tell me, either. Please
specify which branch you want to use on the command line and
try again (e.g. 'git pull <repository> <refspec>').
See git-pull(1) for details.

If you often merge with the same branch, you may want to
use something like the following in your configuration file:
    [branch "master"]
    remote = <nickname>
    merge = <remote-ref>

    [remote "<nickname>"]
    url = <url>
    fetch = <refspec>

See git-config(1) for details.

F:\PERSONAL\CIBERTEC\LP3\SVN>git push -u origin master
To git@github.com:emedinaa/Cibertec.git
 ! [rejected]        master -> master (non-fast-forward)
error: failed to push some refs to 'git@github.com:emedinaa/Cibertec.git'
To prevent you from losing history, non-fast-forward updates were rejected
Merge the remote changes (e.g. 'git pull') before pushing again.  See the
'Note about fast-forwards' section of 'git push --help' for details.

F:\PERSONAL\CIBERTEC\LP3\SVN>git pull
You asked me to pull without telling me which branch you
want to merge with, and 'branch.master.merge' in
your configuration file does not tell me, either. Please
specify which branch you want to use on the command line and
try again (e.g. 'git pull <repository> <refspec>').
See git-pull(1) for details.

If you often merge with the same branch, you may want to
use something like the following in your configuration file:
    [branch "master"]
    remote = <nickname>
    merge = <remote-ref>

    [remote "<nickname>"]
    url = <url>
    fetch = <refspec>

See git-config(1) for details.

F:\PERSONAL\CIBERTEC\LP3\SVN>ls
"ls" no se reconoce como un comando interno o externo,
programa o archivo por lotes ejecutable.

F:\PERSONAL\CIBERTEC\LP3\SVN>dir
 El volumen de la unidad F es FILES
 El número de serie del volumen es: 3025-1FB1

 Directorio de F:\PERSONAL\CIBERTEC\LP3\SVN

15/01/2012  01:46 a.m.    <DIR>          .
15/01/2012  01:46 a.m.    <DIR>          ..
15/01/2012  02:16 a.m.    <DIR>          Cibertec
               0 archivos              0 bytes
               3 dirs  191,246,622,720 bytes libres

F:\PERSONAL\CIBERTEC\LP3\SVN>cd Cibertec

F:\PERSONAL\CIBERTEC\LP3\SVN\Cibertec>git add .
warning: LF will be replaced by CRLF in LP3/proyecto/SistemaPromociones/ProyectoWeb/Scripts/jquery-1.7.1.js.
The file will have its original line endings in your working directory.
warning: LF will be replaced by CRLF in LP3/proyecto/SistemaPromociones/ProyectoWeb/Scripts/jquery-ui.min.js.
The file will have its original line endings in your working directory.
warning: LF will be replaced by CRLF in LP3/proyecto/SistemaPromociones/ProyectoWeb/Scripts/jquery.form.js.
The file will have its original line endings in your working directory.

F:\PERSONAL\CIBERTEC\LP3\SVN\Cibertec>git commit -m "4"
[master warning: LF will be replaced by CRLF in LP3/proyecto/SistemaPromociones/ProyectoWeb/Scripts/jquery.form.js.
The file will have its original line endings in your working directory.
d5f12ad] 4
warning: LF will be replaced by CRLF in LP3/proyecto/SistemaPromociones/ProyectoWeb/Scripts/jquery-1.7.1.js.
The file will have its original line endings in your working directory.
warning: LF will be replaced by CRLF in LP3/proyecto/SistemaPromociones/ProyectoWeb/Scripts/jquery-ui.min.js.
The file will have its original line endings in your working directory.
warning: LF will be replaced by CRLF in LP3/proyecto/SistemaPromociones/ProyectoWeb/Scripts/jquery.form.js.
The file will have its original line endings in your working directory.
 105 files changed, 47105 insertions(+), 3 deletions(-)
 create mode 100644 LP3/ProyectoWeb.sln
 create mode 100644 LP3/ProyectoWeb.suo
 create mode 100644 LP3/proyecto/SistemaPromociones/BusinessEntities/BaseBE.vb
 create mode 100644 LP3/proyecto/SistemaPromociones/BusinessEntities/TestBE.vb
 rewrite LP3/proyecto/SistemaPromociones/BusinessEntities/bin/Debug/BusinessEntities.dll (71%)
 create mode 100644 LP3/proyecto/SistemaPromociones/BusinessEntities/bin/Debug/Newtonsoft.Json.dll
 create mode 100644 LP3/proyecto/SistemaPromociones/BusinessEntities/bin/Debug/Newtonsoft.Json.pdb
 create mode 100644 LP3/proyecto/SistemaPromociones/BusinessEntities/bin/Debug/Newtonsoft.Json.xml
 create mode 100644 LP3/proyecto/SistemaPromociones/BusinessEntities/bin/Debug/UtilsLibrary.dll
 create mode 100644 LP3/proyecto/SistemaPromociones/BusinessEntities/bin/Debug/UtilsLibrary.pdb
 create mode 100644 LP3/proyecto/SistemaPromociones/BusinessEntities/bin/Debug/UtilsLibrary.xml
 rewrite LP3/proyecto/SistemaPromociones/BusinessEntities/obj/Debug/BusinessEntities.dll (71%)
 rewrite LP3/proyecto/SistemaPromociones/BusinessEntities/obj/Debug/GenerateResource.write.1.tlog (100%)
 create mode 100644 LP3/proyecto/SistemaPromociones/BusinessEntities/obj/Debug/ResolveAssemblyReference.cache
 rewrite LP3/proyecto/SistemaPromociones/BusinessLogicLayer/bin/Debug/BusinessEntities.dll (71%)
 rewrite LP3/proyecto/SistemaPromociones/BusinessLogicLayer/bin/Debug/BusinessLogicLayer.dll (63%)
 create mode 100644 LP3/proyecto/SistemaPromociones/BusinessLogicLayer/bin/Debug/Newtonsoft.Json.dll
 create mode 100644 LP3/proyecto/SistemaPromociones/BusinessLogicLayer/bin/Debug/Newtonsoft.Json.pdb
 create mode 100644 LP3/proyecto/SistemaPromociones/BusinessLogicLayer/bin/Debug/Newtonsoft.Json.xml
 rewrite LP3/proyecto/SistemaPromociones/BusinessLogicLayer/obj/Debug/BusinessLogicLayer.dll (63%)
 rewrite LP3/proyecto/SistemaPromociones/BusinessLogicLayer/obj/Debug/GenerateResource.write.1.tlog (100%)
 rewrite LP3/proyecto/SistemaPromociones/DataAccessLayer/bin/Debug/BusinessEntities.dll (71%)
 create mode 100644 LP3/proyecto/SistemaPromociones/DataAccessLayer/bin/Debug/Newtonsoft.Json.dll
 create mode 100644 LP3/proyecto/SistemaPromociones/DataAccessLayer/bin/Debug/Newtonsoft.Json.pdb
 create mode 100644 LP3/proyecto/SistemaPromociones/DataAccessLayer/bin/Debug/Newtonsoft.Json.xml
 rewrite LP3/proyecto/SistemaPromociones/DataAccessLayer/obj/Debug/GenerateResource.write.1.tlog (100%)
 rewrite LP3/proyecto/SistemaPromociones/ProyectoWeb/Bin/BusinessEntities.dll (71%)
 rewrite LP3/proyecto/SistemaPromociones/ProyectoWeb/Bin/BusinessLogicLayer.dll (63%)
 create mode 100644 LP3/proyecto/SistemaPromociones/ProyectoWeb/Bin/Newtonsoft.Json.dll
 create mode 100644 LP3/proyecto/SistemaPromociones/ProyectoWeb/Bin/Newtonsoft.Json.pdb
 create mode 100644 LP3/proyecto/SistemaPromociones/ProyectoWeb/Bin/Newtonsoft.Json.xml
 create mode 100644 LP3/proyecto/SistemaPromociones/ProyectoWeb/Bin/UtilsLibrary.dll
 create mode 100644 LP3/proyecto/SistemaPromociones/ProyectoWeb/Bin/UtilsLibrary.pdb
 create mode 100644 LP3/proyecto/SistemaPromociones/ProyectoWeb/Bin/UtilsLibrary.xml
 create mode 100644 LP3/proyecto/SistemaPromociones/ProyectoWeb/ListadoEmpleados.aspx
 create mode 100644 LP3/proyecto/SistemaPromociones/ProyectoWeb/ListadoEmpleados.aspx.vb
 create mode 100644 LP3/proyecto/SistemaPromociones/ProyectoWeb/Scripts/jquery-1.7.1.js
 create mode 100644 LP3/proyecto/SistemaPromociones/ProyectoWeb/Scripts/jquery-ui.min.js
 create mode 100644 LP3/proyecto/SistemaPromociones/ProyectoWeb/Scripts/jquery.form.js
 create mode 100644 LP3/proyecto/SistemaPromociones/ProyectoWeb/Styles/style.css
 create mode 100644 LP3/proyecto/SistemaPromociones/ProyectoWeb/TestJson.aspx
 create mode 100644 LP3/proyecto/SistemaPromociones/ProyectoWeb/TestJson.aspx.vb
 create mode 100644 LP3/proyecto/SistemaPromociones/ProyectoWeb/admin/core/promotion/new.aspx
 create mode 100644 LP3/proyecto/SistemaPromociones/ProyectoWeb/admin/core/promotion/new.aspx.vb
 create mode 100644 LP3/proyecto/SistemaPromociones/ProyectoWeb/home.aspx
 create mode 100644 LP3/proyecto/SistemaPromociones/ProyectoWeb/home.aspx.vb
 create mode 100644 LP3/proyecto/SistemaPromociones/ProyectoWeb/promotion/details_promotion.aspx
 create mode 100644 LP3/proyecto/SistemaPromociones/ProyectoWeb/promotion/details_promotion.aspx.vb
 create mode 100644 LP3/proyecto/SistemaPromociones/ProyectoWeb/promotion/edit_promotion.aspx
 create mode 100644 LP3/proyecto/SistemaPromociones/ProyectoWeb/promotion/edit_promotion.aspx.vb
 create mode 100644 LP3/proyecto/SistemaPromociones/ProyectoWeb/promotion/new_promotion.aspx
 create mode 100644 LP3/proyecto/SistemaPromociones/ProyectoWeb/promotion/new_promotion.aspx.vb
 create mode 100644 LP3/proyecto/SistemaPromociones/UtilsLibrary/Class1.vb
 create mode 100644 LP3/proyecto/SistemaPromociones/UtilsLibrary/My Project/Application.Designer.vb
 create mode 100644 LP3/proyecto/SistemaPromociones/UtilsLibrary/My Project/Application.myapp
 create mode 100644 LP3/proyecto/SistemaPromociones/UtilsLibrary/My Project/AssemblyInfo.vb
 create mode 100644 LP3/proyecto/SistemaPromociones/UtilsLibrary/My Project/Resources.Designer.vb
 create mode 100644 LP3/proyecto/SistemaPromociones/UtilsLibrary/My Project/Resources.resx
 create mode 100644 LP3/proyecto/SistemaPromociones/UtilsLibrary/My Project/Settings.Designer.vb
 create mode 100644 LP3/proyecto/SistemaPromociones/UtilsLibrary/My Project/Settings.settings
 create mode 100644 LP3/proyecto/SistemaPromociones/UtilsLibrary/Newtonsoft.Json.dll
 create mode 100644 LP3/proyecto/SistemaPromociones/UtilsLibrary/Newtonsoft.Json.pdb
 create mode 100644 LP3/proyecto/SistemaPromociones/UtilsLibrary/Newtonsoft.Json.xml
 create mode 100644 LP3/proyecto/SistemaPromociones/UtilsLibrary/UtilsLibrary.vbproj
 create mode 100644 LP3/proyecto/SistemaPromociones/UtilsLibrary/bin/Debug/UtilsLibrary.dll
 create mode 100644 LP3/proyecto/SistemaPromociones/UtilsLibrary/bin/Debug/UtilsLibrary.pdb
 create mode 100644 LP3/proyecto/SistemaPromociones/UtilsLibrary/bin/Debug/UtilsLibrary.xml
 create mode 100644 LP3/proyecto/SistemaPromociones/UtilsLibrary/obj/Debug/DesignTimeResolveAssemblyReferencesInput.cache
 create mode 100644 LP3/proyecto/SistemaPromociones/UtilsLibrary/obj/Debug/ResGen.read.1.tlog
 create mode 100644 LP3/proyecto/SistemaPromociones/UtilsLibrary/obj/Debug/ResGen.write.1.tlog
 create mode 100644 LP3/proyecto/SistemaPromociones/UtilsLibrary/obj/Debug/UtilsLibrary.Resources.resources
 create mode 100644 LP3/proyecto/SistemaPromociones/UtilsLibrary/obj/Debug/UtilsLibrary.dll
 create mode 100644 LP3/proyecto/SistemaPromociones/UtilsLibrary/obj/Debug/UtilsLibrary.pdb
 create mode 100644 LP3/proyecto/SistemaPromociones/UtilsLibrary/obj/Debug/UtilsLibrary.vbproj.FileListAbsolute.txt
 create mode 100644 LP3/proyecto/SistemaPromociones/UtilsLibrary/obj/Debug/UtilsLibrary.xml

F:\PERSONAL\CIBERTEC\LP3\SVN\Cibertec>git push -u origin master
Counting objects: 132, done.
Delta compression using up to 4 threads.
Compressing objects: 100% (85/85), done.
Writing objects: 100% (97/97), 592.17 KiB, done.
Total 97 (delta 38), reused 0 (delta 0)
To git@github.com:emedinaa/Cibertec.git
   f0a1059..d5f12ad  master -> master
Branch master set up to track remote branch master from origin.

F:\PERSONAL\CIBERTEC\LP3\SVN\Cibertec>git add .

F:\PERSONAL\CIBERTEC\LP3\SVN\Cibertec>git commit -m "procedure"
[master 0ad4e60] procedure
 45 files changed, 167 insertions(+), 24 deletions(-)
 create mode 100644 LP3/proyecto/SistemaPromociones/BusinessEntities/PromotionBE.vb
 rewrite LP3/proyecto/SistemaPromociones/BusinessEntities/bin/Debug/BusinessEntities.dll (63%)
 rewrite LP3/proyecto/SistemaPromociones/BusinessEntities/obj/Debug/BusinessEntities.dll (63%)
 rewrite LP3/proyecto/SistemaPromociones/BusinessLogicLayer/bin/Debug/BusinessEntities.dll (63%)
 rewrite LP3/proyecto/SistemaPromociones/DataAccessLayer/bin/Debug/BusinessEntities.dll (63%)
 create mode 100644 LP3/proyecto/SistemaPromociones/PROMOTION.sql
 rewrite LP3/proyecto/SistemaPromociones/ProyectoWeb/Bin/BusinessEntities.dll (63%)
 rewrite LP3/proyecto/SistemaPromociones/ProyectoWeb/admin/core/promotion/new.aspx (73%)
 create mode 100644 LP3/proyecto/SistemaPromociones/SP.sql

F:\PERSONAL\CIBERTEC\LP3\SVN\Cibertec>git pus -u origin master
git: 'pus' is not a git command. See 'git --help'.

Did you mean one of these?
        push
        pull

F:\PERSONAL\CIBERTEC\LP3\SVN\Cibertec>git push -u origin master
Counting objects: 96, done.
Delta compression using up to 4 threads.
Compressing objects: 100% (41/41), done.
Writing objects: 100% (52/52), 16.80 KiB, done.
Total 52 (delta 31), reused 0 (delta 0)
To git@github.com:emedinaa/Cibertec.git
   d5f12ad..0ad4e60  master -> master
Branch master set up to track remote branch master from origin.

F:\PERSONAL\CIBERTEC\LP3\SVN\Cibertec>